[2026-08-13T05:57:50] #0001 OPTIONS 200 /elastic/goods/rec-goods
[2026-08-13T05:57:50] #0002 OPTIONS 200 /currencies?lang=ru
[2026-08-13T05:57:50] #0003 OPTIONS 200 /accounts?lang=ru
[2026-08-13T05:57:50] #0004 OPTIONS 200 /lotteries/active
[2026-08-13T05:57:50] #0005 GET    200 /lotteries/active
[2026-08-13T05:57:50] #0006 GET    200 /currencies?lang=ru
[2026-08-13T05:57:50] #0007 GET    200 /accounts?lang=ru
[2026-08-13T05:57:51] #0008 POST   200 /elastic/goods/rec-goods
[2026-08-13T05:57:51] #0009 OPTIONS 200 /accounts/current-draw
[2026-08-13T05:57:51] #0010 GET    200 /accounts/current-draw
[2026-08-13T05:58:17] #0011 OPTIONS 200 /redirects?from_url=%2F
[2026-08-13T05:58:17] #0012 GET    404 /redirects?from_url=%2F
[2026-08-13T05:58:18] #0013 OPTIONS 200 /ecom/growth-book
[2026-08-13T05:58:18] #0014 OPTIONS 200 /sliders?url=%2F&lang=ru&type=desktop
[2026-08-13T05:58:18] #0015 OPTIONS 200 /categories/ad/leader?lang=ru&url=%2F&is_russian_ip=0
[2026-08-13T05:58:18] #0016 OPTIONS 200 /elastic/goods/bestsellers
[2026-08-13T05:58:18] #0017 POST   200 /ecom/growth-book
[2026-08-13T05:58:19] #0018 GET    200 /sliders?url=%2F&lang=ru&type=desktop
[2026-08-13T05:58:19] #0019 POST   200 /elastic/goods/bestsellers
[2026-08-13T05:58:19] #0020 OPTIONS 200 /elastic/goods/rec-goods
[2026-08-13T05:58:19] #0021 GET    200 /categories/ad/leader?lang=ru&url=%2F&is_russian_ip=0
[2026-08-13T05:58:19] #0022 POST   200 /elastic/goods/rec-goods
[2026-08-13T05:58:19] #0023 OPTIONS 200 /goods/4718810/price?currency=RUB&unit_count=1000
[2026-08-13T05:58:20] #0024 GET    200 /goods/4718810/price?currency=RUB&unit_count=1000
[2026-08-13T05:58:34] #0025 OPTIONS 200 /redirects?from_url=%2Fcatalog%2Fproduct%2Fsteam-rf-sng-rub-kzt-uah-247-4040511
[2026-08-13T05:58:34] #0026 GET    404 /redirects?from_url=%2Fcatalog%2Fproduct%2Fsteam-rf-sng-rub-kzt-uah-247-4040511
[2026-08-13T06:00:29] #0027 OPTIONS 200 /redirects?from_url=%2Fsellers%2F1062128
[2026-08-13T06:00:29] #0028 GET    404 /redirects?from_url=%2Fsellers%2F1062128
[2026-08-13T06:00:30] #0029 OPTIONS 200 /sellers/1062128/reviews?page=1&limit=20&lang=ru
[2026-08-13T06:00:31] #0030 GET    200 /sellers/1062128/reviews?page=1&limit=20&lang=ru
[2026-08-13T06:00:31] #0031 OPTIONS 200 /elastic/goods/sellers
[2026-08-13T06:00:31] #0032 POST   200 /elastic/goods/sellers
[2026-08-13T06:00:59] #0033 GET    200 /offers/create
[2026-08-13T06:01:00] #0034 GET    200 /api/auth/check-cookies
[2026-08-13T06:01:00] #0035 GET    200 /api/auth/check-cookies
[2026-08-13T06:01:00] #0036 GET    200 /api/v1/users/me
[2026-08-13T06:01:01] #0037 GET    101 /cable?access_token=eyJhbGciOiJIUzI1NiJ9.eyJpc3MiOiJnZ3NlbCIsInN1YiI6NzI1NDg4OCwiaWF0IjoxNzg2NTM3ODc1LCJleHAiOjE3ODkyMTYyNzUsImp0aSI6ImRlMDc3M2FjLTlkYjQtNDFmZS04MWUzLTY4MTczZDJlZDczMSIsInVzZXIiOnsiaWQiOjcyNTQ4ODgsImVtYWlsIjoiYXRyZXVtLjUyMDJAZ21haWwuY29tIn0sIm5hbWVzcGFjZSI6IndzX2FwaV9zZWxsZXJfb2ZmaWNlIn0.CpOG7wAfD6Y71i8DXUcidspsYlWYsRSFDM6Iq3DZgYI&api_namespace=ws_api_seller_office
[2026-08-13T06:01:01] #0038 GET    200 /api/v1/categories/4/tree
[2026-08-13T06:01:01] #0039 GET    200 /api/v1/categories
[2026-08-13T06:01:01] #0040 GET    200 /messages?_rsc=JVgRv25MDDbdr3RF
[2026-08-13T06:01:01] #0041 GET    200 /finance?_rsc=JVgRv25MDDbdr3RF
[2026-08-13T06:01:02] #0042 GET    200 /settings?_rsc=JVgRv25MDDbdr3RF
[2026-08-13T06:01:02] #0043 GET    200 /promo-codes?_rsc=JVgRv25MDDbdr3RF
[2026-08-13T06:01:02] #0044 GET    200 /orders?_rsc=JVgRv25MDDbdr3RF
[2026-08-13T06:01:02] #0045 GET    200 /offers?_rsc=JVgRv25MDDbdr3RF
[2026-08-13T06:01:02] #0046 GET    200 /?_rsc=JVgRv25MDDbdr3RF
[2026-08-13T06:01:02] #0047 GET    200 /messages?_rsc=VP8oK8gkHV7Ibw6N
[2026-08-13T06:01:02] #0048 GET    200 /finance?_rsc=cLWgB3yhDTqw-YxV
[2026-08-13T06:01:02] #0049 GET    200 /api/v1/categories?parent_id=4&limit=100&page=1
[2026-08-13T06:01:02] #0050 GET    200 /settings?_rsc=VP8oK8gkHV7Ibw6N
[2026-08-13T06:01:02] #0051 GET    200 /promo-codes?_rsc=VP8oK8gkHV7Ibw6N
[2026-08-13T06:01:02] #0052 GET    200 /orders?_rsc=VP8oK8gkHV7Ibw6N
[2026-08-13T06:01:02] #0053 GET    200 /offers?_rsc=VP8oK8gkHV7Ibw6N
[2026-08-13T06:01:02] #0054 GET    200 /?_rsc=VP8oK8gkHV7Ibw6N
[2026-08-13T06:03:29] #0055 OPTIONS 200 /main/menu?type=head_main&lang=ru
[2026-08-13T06:03:29] #0056 OPTIONS 200 /currencies?lang=ru
[2026-08-13T06:03:29] #0057 OPTIONS 200 /elastic/goods/rec-goods
[2026-08-13T06:03:29] #0058 OPTIONS 200 /main/settings?lang=ru
[2026-08-13T06:03:29] #0059 OPTIONS 200 /accounts/current-draw
[2026-08-13T06:03:29] #0060 GET    200 /main/settings?lang=ru
[2026-08-13T06:03:29] #0061 GET    200 /currencies?lang=ru
[2026-08-13T06:03:29] #0062 GET    200 /accounts/current-draw
[2026-08-13T06:03:29] #0063 POST   200 /elastic/goods/rec-goods
[2026-08-13T06:03:29] #0064 GET    200 /main/menu?type=head_main&lang=ru
[2026-08-13T17:21:08] Resumed from previous run: 64 entries in index, next n=65
[2026-08-13T17:21:31] #0065 OPTIONS 200 /redirects?from_url=%2Fcatalog%2Fproduct%2Fsteam-rf-sng-rub-kzt-uah-247-4040511
[2026-08-13T17:21:32] #0066 GET    404 /redirects?from_url=%2Fcatalog%2Fproduct%2Fsteam-rf-sng-rub-kzt-uah-247-4040511
[2026-08-13T17:21:37] #0067 OPTIONS 200 /elastic/goods/rec-goods
[2026-08-13T17:21:37] #0068 OPTIONS 200 /lotteries/active
[2026-08-13T17:21:37] #0069 OPTIONS 200 /currencies?lang=ru
[2026-08-13T17:21:37] #0070 OPTIONS 200 /accounts?lang=ru
[2026-08-13T17:21:37] #0071 GET    200 /lotteries/active
[2026-08-13T17:21:37] #0072 POST   200 /elastic/goods/rec-goods
[2026-08-13T17:21:37] #0073 GET    200 /currencies?lang=ru
[2026-08-13T17:21:37] #0074 GET    200 /accounts?lang=ru
[2026-08-13T17:21:40] #0075 OPTIONS 200 /accounts/current-draw
[2026-08-13T17:21:40] #0076 GET    200 /accounts/current-draw
[2026-08-13T17:29:23] Capture complete. Total requests: 76
